Tex1.txt - git bash text to look up
===================================
Björn@HP-SLIM MINGW32 ~
$ pwd
/c/Users/Björn

Björn@HP-SLIM MINGW32 /c/users/Björn
$ cd github






INIT
=====

Björn@HP-SLIM MINGW32 /c/users/Björn/github (master)
$ cd GitS

Björn@HP-SLIM MINGW32 /c/users/Björn/github/GitS (master)
$ pwd
/c/users/Björn/github/GitS

Björn@HP-SLIM MINGW32 /c/users/Björn/github/GitS
$ git init
Initialized empty Git repository in C:/Users/Björn/GitHub/GitS/.git/

Björn@HP-SLIM MINGW32 /c/users/Björn/github/GitS (master)
$ touch Text1.txt




COMMIT requieres add firt
======
Björn@HP-SLIM MINGW32 /c/users/Björn/github/GitS (master)
$ git status
On branch master

Initial commit

Untracked files:
  (use "git add <file>..." to include in what will be committed)

        Text1.txt

nothing added to commit but untracked files present (use "git add" to track)


ADD
====

Björn@HP-SLIM MINGW32 /c/users/Björn/github/GitS (master)
$ git add Text1.txt

Björn@HP-SLIM MINGW32 /c/users/Björn/github/GitS (master)
$ git status
On branch master

Initial commit

Changes to be committed:
  (use "git rm --cached <file>..." to unstage)

        new file:   Text1.txt


Björn@HP-SLIM MINGW32 /c/users/Björn/github/GitS (master)
$ git commit -m "Add Text1.txt"

*** Please tell me who you are.

Run

  git config --global user.email "you@example.com"
  git config --global user.name "Your Name"

to set your account's default identity.
Omit --global to set the identity only in this repository.

fatal: unable to auto-detect email address (got 'Bj¦rn@HP-SLIM.(none)')

CONFIG WHO YOU ARE
====================

Björn@HP-SLIM MINGW32 /c/users/Björn/github/GitS (master)
$ git config --global user.email "bjorn.k.j@hotmail.com"

Björn@HP-SLIM MINGW32 /c/users/Björn/github/GitS (master)
$ git config --global user.name "bjorn76"



Björn@HP-SLIM MINGW32 /c/users/Björn/github/GitS (master)
$ git status
On branch master

Initial commit

Changes to be committed:
  (use "git rm --cached <file>..." to unstage)

        new file:   Text1.txt


 
		
GIT REMOTE "git remote add origin https://github.com/bjorn76/VS.git"
===========		
		Björn@HP-SLIM MINGW32 /c/users/Björn/github/GitS (master)
$ git remote add origin https://github.com/bjorn76/GitS.git

Björn@HP-SLIM MINGW32 /c/users/Björn/github/GitS (master)



Björn@HP-SLIM MINGW32 /c/users/Björn/github/GitS (master)
$ git remote -v
origin  https://github.com/bjorn76/GitS.git (fetch) he
origin  https://github.com/bjorn76/GitS.git (push)

Björn@HP-SLIM MINGW32 /c/users/Björn/github/GitS (master)
$

<<<<<<< HEAD


This line was added 2016-01-25
=======
ssh://[Git users]@[Your Synology server's IP address or hostname]/[Git repository path]

ssh://gituser@192.168.0.88/volume1/git/Repos/.git



>>>>>>> 7dd2cb3c4758e127daa73b17c38b90b130730980
